// Jest Snapshot v1, https://goo.gl/fbAQLP

exports[`Home components basic 1`] = `
<div
  className="px-4 py-16 mx-auto sm:max-w-xl md:max-w-full lg:max-w-screen-xl md:px-24 lg:px-8 lg:py-20"
>
  <div
    className="grid gap-10 lg:grid-cols-2"
  >
    <div
      className="lg:pr-10"
    >
      <h5
        className="mb-4 text-4xl font-extrabold leading-none"
      >
        Home ðŸ”¥
      </h5>
      <p
        className="mb-6 text-gray-900"
      />
      <hr
        className="mb-5 border-gray-300"
      />
      <div
        className="flex items-center space-x-4"
      >
        <a
          className="text-gray-600 transition-colors duration-300 hover:text-deep-purple-accent-400"
          href="https://github.com/rick-chou"
          target="_blank"
        >
          <IconGithub />
        </a>
        <a
          className="text-gray-600 transition-colors duration-300 hover:text-deep-purple-accent-400"
          href="https://juejin.cn/user/1574156383563496"
          target="_blank"
        >
          <IconJueJin />
        </a>
        <a
          className="text-gray-600 transition-colors duration-300 hover:text-deep-purple-accent-400"
          href="https://luckychou.gitbook.io/blog"
          target="_blank"
        >
          <IconBlog />
        </a>
      </div>
    </div>
    <div>
      <img
        alt=""
        className="object-cover w-full h-56 rounded shadow-lg sm:h-96"
        src="https://cdn.jsdelivr.net/gh/rick-chou/rick-assets/jpg/38.jpg"
      />
    </div>
  </div>
</div>
`;
